// Jest Snapshot v1, https://goo.gl/fbAQLP

exports[`MongoClient should connect 1`] = `true`;

exports[`MongoClient should connect 2`] = `"cofacts"`;
