// Jest Snapshot v1, https://goo.gl/fbAQLP

exports[`records article source 1`] = `
Object {
  "data": Object {
    "selectedArticleId": "selected-article-id",
  },
  "event": Object {
    "input": "‚ÑπÔ∏è I got the message from:
A LINE group",
  },
  "isSkipUser": undefined,
  "issuedAt": undefined,
  "replies": Array [
    Object {
      "altText": "Thanks for the info.",
      "contents": Object {
        "body": Object {
          "contents": Array [
            Object {
              "text": "Thanks for the info.",
              "type": "text",
              "wrap": true,
            },
          ],
          "layout": "vertical",
          "type": "box",
        },
        "footer": Object {
          "contents": Array [
            Object {
              "action": Object {
                "label": "See reported message",
                "type": "uri",
                "uri": "https://cofacts.hacktabl.org/article/selected-article-id",
              },
              "color": "#333333",
              "style": "primary",
              "type": "button",
            },
            Object {
              "action": Object {
                "label": "Provide more info",
                "type": "uri",
                "uri": "line://app/1631030389-xb5mnDdN?p=reason&token=eyJhbGciOiJIUzI1NiJ9.eyJleHAiOjE1ODc3NTI0MjguODg5fQ.jO37_Cd6Y4EZoTa6j4VaS8d04P2yHP2NEP8p_pa72PM",
              },
              "color": "#ffb600",
              "style": "primary",
              "type": "button",
            },
          ],
          "layout": "vertical",
          "spacing": "sm",
          "type": "box",
        },
        "type": "bubble",
      },
      "type": "flex",
    },
    Object {
      "altText": "Your friends may know the answer üåü Share your question to friends, maybe someone can help!",
      "contents": Object {
        "body": Object {
          "contents": Array [
            Object {
              "text": "Your friends may know the answer üåü Share your question to friends, maybe someone can help!",
              "type": "text",
              "wrap": true,
            },
          ],
          "layout": "vertical",
          "type": "box",
        },
        "footer": Object {
          "contents": Array [
            Object {
              "action": Object {
                "label": "Share on LINE",
                "type": "uri",
                "uri": "line://msg/text/?Please%20help%20me%20verify%20if%20this%20is%20true%3A%20https%3A%2F%2Fcofacts.hacktabl.org%2Farticle%2Fselected-article-id",
              },
              "color": "#ffb600",
              "style": "primary",
              "type": "button",
            },
            Object {
              "action": Object {
                "label": "Share on Facebook",
                "type": "uri",
                "uri": "https://www.facebook.com/dialog/share?openExternalBrowser=1&app_id=719656818195367&display=popup&hashtag=%23ReportedToCofacts&href=https%3A%2F%2Fcofacts.hacktabl.org%2Farticle%2Fselected-article-id",
              },
              "color": "#ffb600",
              "style": "primary",
              "type": "button",
            },
          ],
          "layout": "vertical",
          "spacing": "sm",
          "type": "box",
        },
        "type": "bubble",
      },
      "type": "flex",
    },
  ],
  "state": "__INIT__",
  "userId": undefined,
}
`;
